[01m[K/home/ceazar/ros/workspaces/tutorial_ws/src/Tutorial1_template/rover/src/rover.cpp:[m[K In member function ‘[01m[Kvoid rover::Rover::update(ros::Time&, ros::Duration&)[m[K’:
[01m[K/home/ceazar/ros/workspaces/tutorial_ws/src/Tutorial1_template/rover/src/rover.cpp:86:26:[m[K [01;31m[Kerror: [m[Kno match for ‘[01m[Koperator=[m[K’ (operand types are ‘[01m[Kstd::string[m[K’ {aka ‘[01m[Kstd::__cxx11::basic_string<char>[m[K’} and ‘[01m[Kros::Time[m[K’)
   86 |     T_rover_map.stamp_ = [01;31m[Ktime[m[K;
      |                          [01;31m[K^~~~[m[K
In file included from [01m[K/usr/include/c++/9/string:55[m[K,
                 from [01m[K/opt/ros/noetic/include/ros/platform.h:38[m[K,
                 from [01m[K/opt/ros/noetic/include/ros/time.h:53[m[K,
                 from [01m[K/opt/ros/noetic/include/ros/ros.h:38[m[K,
                 from [01m[K/home/ceazar/ros/workspaces/tutorial_ws/src/Tutorial1_template/rover/include/rover/rover.h:4[m[K,
                 from [01m[K/home/ceazar/ros/workspaces/tutorial_ws/src/Tutorial1_template/rover/src/rover.cpp:1[m[K:
[01m[K/usr/include/c++/9/bits/basic_string.h:669:7:[m[K [01;36m[Knote: [m[Kcandidate: ‘[01m[Kstd::__cxx11::basic_string<_CharT, _Traits, _Alloc>& std::__cxx11::basic_string<_CharT, _Traits, _Alloc>::operator=(const std::__cxx11::basic_string<_CharT, _Traits, _Alloc>&) [with _CharT = char; _Traits = std::char_traits<char>; _Alloc = std::allocator<char>][m[K’
  669 |       [01;36m[Koperator[m[K=(const basic_string& __str)
      |       [01;36m[K^~~~~~~~[m[K
[01m[K/usr/include/c++/9/bits/basic_string.h:669:37:[m[K [01;36m[Knote: [m[K  no known conversion for argument 1 from ‘[01m[Kros::Time[m[K’ to ‘[01m[Kconst std::__cxx11::basic_string<char>&[m[K’
  669 |       operator=([01;36m[Kconst basic_string& __str[m[K)
      |                 [01;36m[K~~~~~~~~~~~~~~~~~~~~^~~~~[m[K
[01m[K/usr/include/c++/9/bits/basic_string.h:708:7:[m[K [01;36m[Knote: [m[Kcandidate: ‘[01m[Kstd::__cxx11::basic_string<_CharT, _Traits, _Alloc>& std::__cxx11::basic_string<_CharT, _Traits, _Alloc>::operator=(const _CharT*) [with _CharT = char; _Traits = std::char_traits<char>; _Alloc = std::allocator<char>][m[K’
  708 |       [01;36m[Koperator[m[K=(const _CharT* __s)
      |       [01;36m[K^~~~~~~~[m[K
[01m[K/usr/include/c++/9/bits/basic_string.h:708:31:[m[K [01;36m[Knote: [m[K  no known conversion for argument 1 from ‘[01m[Kros::Time[m[K’ to ‘[01m[Kconst char*[m[K’
  708 |       operator=([01;36m[Kconst _CharT* __s[m[K)
      |                 [01;36m[K~~~~~~~~~~~~~~^~~[m[K
[01m[K/usr/include/c++/9/bits/basic_string.h:719:7:[m[K [01;36m[Knote: [m[Kcandidate: ‘[01m[Kstd::__cxx11::basic_string<_CharT, _Traits, _Alloc>& std::__cxx11::basic_string<_CharT, _Traits, _Alloc>::operator=(_CharT) [with _CharT = char; _Traits = std::char_traits<char>; _Alloc = std::allocator<char>][m[K’
  719 |       [01;36m[Koperator[m[K=(_CharT __c)
      |       [01;36m[K^~~~~~~~[m[K
[01m[K/usr/include/c++/9/bits/basic_string.h:719:24:[m[K [01;36m[Knote: [m[K  no known conversion for argument 1 from ‘[01m[Kros::Time[m[K’ to ‘[01m[Kchar[m[K’
  719 |       operator=([01;36m[K_CharT __c[m[K)
      |                 [01;36m[K~~~~~~~^~~[m[K
[01m[K/usr/include/c++/9/bits/basic_string.h:736:7:[m[K [01;36m[Knote: [m[Kcandidate: ‘[01m[Kstd::__cxx11::basic_string<_CharT, _Traits, _Alloc>& std::__cxx11::basic_string<_CharT, _Traits, _Alloc>::operator=(std::__cxx11::basic_string<_CharT, _Traits, _Alloc>&&) [with _CharT = char; _Traits = std::char_traits<char>; _Alloc = std::allocator<char>][m[K’
  736 |       [01;36m[Koperator[m[K=(basic_string&& __str)
      |       [01;36m[K^~~~~~~~[m[K
[01m[K/usr/include/c++/9/bits/basic_string.h:736:32:[m[K [01;36m[Knote: [m[K  no known conversion for argument 1 from ‘[01m[Kros::Time[m[K’ to ‘[01m[Kstd::__cxx11::basic_string<char>&&[m[K’
  736 |       operator=([01;36m[Kbasic_string&& __str[m[K)
      |                 [01;36m[K~~~~~~~~~~~~~~~^~~~~[m[K
[01m[K/usr/include/c++/9/bits/basic_string.h:799:7:[m[K [01;36m[Knote: [m[Kcandidate: ‘[01m[Kstd::__cxx11::basic_string<_CharT, _Traits, _Alloc>& std::__cxx11::basic_string<_CharT, _Traits, _Alloc>::operator=(std::initializer_list<_Tp>) [with _CharT = char; _Traits = std::char_traits<char>; _Alloc = std::allocator<char>][m[K’
  799 |       [01;36m[Koperator[m[K=(initializer_list<_CharT> __l)
      |       [01;36m[K^~~~~~~~[m[K
[01m[K/usr/include/c++/9/bits/basic_string.h:799:42:[m[K [01;36m[Knote: [m[K  no known conversion for argument 1 from ‘[01m[Kros::Time[m[K’ to ‘[01m[Kstd::initializer_list<char>[m[K’
  799 |       operator=([01;36m[Kinitializer_list<_CharT> __l[m[K)
      |                 [01;36m[K~~~~~~~~~~~~~~~~~~~~~~~~~^~~[m[K
[01m[K/home/ceazar/ros/workspaces/tutorial_ws/src/Tutorial1_template/rover/src/rover.cpp:90:38:[m[K [01;31m[Kerror: [m[Kexpected ‘[01m[K)[m[K’ before ‘[01m[K;[m[K’ token
   90 |     rover_marker_.header.stamp = time[01;31m[K;[m[K
      |                                      [01;31m[K^[m[K
      |                                      [32m[K)[m[K
[01m[K/home/ceazar/ros/workspaces/tutorial_ws/src/Tutorial1_template/rover/src/rover.cpp:87:31:[m[K [01;36m[Knote: [m[Kto match this ‘[01m[K([m[K’
   87 |     broadcaster_.sendTransform[01;36m[K([m[K//#>>>>TODO: broadcast to ros
      |                               [01;36m[K^[m[K
[01m[K/home/ceazar/ros/workspaces/tutorial_ws/src/Tutorial1_template/rover/src/rover.cpp:92:3:[m[K [01;31m[Kerror: [m[Kexpected primary-expression before ‘[01m[K}[m[K’ token
   92 |   [01;31m[K}[m[K
      |   [01;31m[K^[m[K
[01m[K/home/ceazar/ros/workspaces/tutorial_ws/src/Tutorial1_template/rover/src/rover.cpp:[m[K In member function ‘[01m[KEigen::Vector3d rover::Rover::dynamic(const Vector3d&) const[m[K’:
[01m[K/home/ceazar/ros/workspaces/tutorial_ws/src/Tutorial1_template/rover/src/rover.cpp:100:3:[m[K [01;31m[Kerror: [m[Kexpected primary-expression before ‘[01m[K}[m[K’ token
  100 |   [01;31m[K}[m[K
      |   [01;31m[K^[m[K
[01m[K/home/ceazar/ros/workspaces/tutorial_ws/src/Tutorial1_template/rover/src/rover.cpp:99:11:[m[K [01;31m[Kerror: [m[Kexpected ‘[01m[K;[m[K’ before ‘[01m[K}[m[K’ token
   99 |     return[01;31m[K [m[K//#>>>>TODO: solve for the acceleration
      |           [01;31m[K^[m[K
      |           [32m[K;[m[K
  100 |   [32m[K}[m[K
      |   [32m[K~[m[K        
make[2]: *** [CMakeFiles/rover.dir/build.make:63: CMakeFiles/rover.dir/src/rover.cpp.o] Error 1
make[1]: *** [CMakeFiles/Makefile2:224: CMakeFiles/rover.dir/all] Error 2
make: *** [Makefile:141: all] Error 2
