[  0%] Built target geometry_msgs_generate_messages_lisp
[  0%] Built target std_msgs_generate_messages_cpp
[  0%] Built target std_msgs_generate_messages_lisp
[  0%] Built target std_msgs_generate_messages_py
[  0%] Built target sensor_msgs_generate_messages_eus
[  0%] Built target std_msgs_generate_messages_nodejs
[  0%] Built target geometry_msgs_generate_messages_cpp
[  0%] Built target geometry_msgs_generate_messages_py
[  0%] Built target sensor_msgs_generate_messages_lisp
[  0%] Built target geometry_msgs_generate_messages_eus
[  0%] Built target sensor_msgs_generate_messages_cpp
[  0%] Built target sensor_msgs_generate_messages_py
[  0%] Built target std_msgs_generate_messages_eus
[  0%] Built target geometry_msgs_generate_messages_nodejs
[  0%] Built target sensor_msgs_generate_messages_nodejs
[  0%] Built target _object_msgs_generate_messages_check_deps_Objects
[  0%] Built target _object_msgs_generate_messages_check_deps_AddObjects
[  0%] Built target _object_msgs_generate_messages_check_deps_Object
[ 16%] Built target object_msgs_generate_messages_cpp
[ 44%] Built target object_msgs_generate_messages_py
[ 61%] Built target object_msgs_generate_messages_nodejs
[ 83%] Built target object_msgs_generate_messages_eus
[100%] Built target object_msgs_generate_messages_lisp
[100%] Built target object_msgs_generate_messages
