Linked: (/home/ceazar/ros/workspaces/tutorial_ws/devel/.private/object_msgs/lib/pkgconfig/object_msgs.pc, /home/ceazar/ros/workspaces/tutorial_ws/devel/lib/pkgconfig/object_msgs.pc)
Linked: (/home/ceazar/ros/workspaces/tutorial_ws/devel/.private/object_msgs/lib/python3/dist-packages/object_msgs/__init__.py, /home/ceazar/ros/workspaces/tutorial_ws/devel/lib/python3/dist-packages/object_msgs/__init__.py)
Linked: (/home/ceazar/ros/workspaces/tutorial_ws/devel/.private/object_msgs/lib/python3/dist-packages/object_msgs/msg/_Objects.py, /home/ceazar/ros/workspaces/tutorial_ws/devel/lib/python3/dist-packages/object_msgs/msg/_Objects.py)
Linked: (/home/ceazar/ros/workspaces/tutorial_ws/devel/.private/object_msgs/lib/python3/dist-packages/object_msgs/msg/_Object.py, /home/ceazar/ros/workspaces/tutorial_ws/devel/lib/python3/dist-packages/object_msgs/msg/_Object.py)
Linked: (/home/ceazar/ros/workspaces/tutorial_ws/devel/.private/object_msgs/lib/python3/dist-packages/object_msgs/msg/__init__.py, /home/ceazar/ros/workspaces/tutorial_ws/devel/lib/python3/dist-packages/object_msgs/msg/__init__.py)
Linked: (/home/ceazar/ros/workspaces/tutorial_ws/devel/.private/object_msgs/lib/python3/dist-packages/object_msgs/srv/_AddObjects.py, /home/ceazar/ros/workspaces/tutorial_ws/devel/lib/python3/dist-packages/object_msgs/srv/_AddObjects.py)
Linked: (/home/ceazar/ros/workspaces/tutorial_ws/devel/.private/object_msgs/lib/python3/dist-packages/object_msgs/srv/__init__.py, /home/ceazar/ros/workspaces/tutorial_ws/devel/lib/python3/dist-packages/object_msgs/srv/__init__.py)
Linked: (/home/ceazar/ros/workspaces/tutorial_ws/devel/.private/object_msgs/share/roseus/ros/object_msgs/manifest.l, /home/ceazar/ros/workspaces/tutorial_ws/devel/share/roseus/ros/object_msgs/manifest.l)
Linked: (/home/ceazar/ros/workspaces/tutorial_ws/devel/.private/object_msgs/share/roseus/ros/object_msgs/msg/Object.l, /home/ceazar/ros/workspaces/tutorial_ws/devel/share/roseus/ros/object_msgs/msg/Object.l)
Linked: (/home/ceazar/ros/workspaces/tutorial_ws/devel/.private/object_msgs/share/roseus/ros/object_msgs/msg/Objects.l, /home/ceazar/ros/workspaces/tutorial_ws/devel/share/roseus/ros/object_msgs/msg/Objects.l)
Linked: (/home/ceazar/ros/workspaces/tutorial_ws/devel/.private/object_msgs/share/roseus/ros/object_msgs/srv/AddObjects.l, /home/ceazar/ros/workspaces/tutorial_ws/devel/share/roseus/ros/object_msgs/srv/AddObjects.l)
Linked: (/home/ceazar/ros/workspaces/tutorial_ws/devel/.private/object_msgs/share/object_msgs/cmake/object_msgs-msg-paths.cmake, /home/ceazar/ros/workspaces/tutorial_ws/devel/share/object_msgs/cmake/object_msgs-msg-paths.cmake)
Linked: (/home/ceazar/ros/workspaces/tutorial_ws/devel/.private/object_msgs/share/object_msgs/cmake/object_msgs-msg-extras.cmake, /home/ceazar/ros/workspaces/tutorial_ws/devel/share/object_msgs/cmake/object_msgs-msg-extras.cmake)
Linked: (/home/ceazar/ros/workspaces/tutorial_ws/devel/.private/object_msgs/share/object_msgs/cmake/object_msgsConfig.cmake, /home/ceazar/ros/workspaces/tutorial_ws/devel/share/object_msgs/cmake/object_msgsConfig.cmake)
Linked: (/home/ceazar/ros/workspaces/tutorial_ws/devel/.private/object_msgs/share/object_msgs/cmake/object_msgsConfig-version.cmake, /home/ceazar/ros/workspaces/tutorial_ws/devel/share/object_msgs/cmake/object_msgsConfig-version.cmake)
Linked: (/home/ceazar/ros/workspaces/tutorial_ws/devel/.private/object_msgs/share/common-lisp/ros/object_msgs/msg/object_msgs-msg.asd, /home/ceazar/ros/workspaces/tutorial_ws/devel/share/common-lisp/ros/object_msgs/msg/object_msgs-msg.asd)
Linked: (/home/ceazar/ros/workspaces/tutorial_ws/devel/.private/object_msgs/share/common-lisp/ros/object_msgs/msg/_package_Objects.lisp, /home/ceazar/ros/workspaces/tutorial_ws/devel/share/common-lisp/ros/object_msgs/msg/_package_Objects.lisp)
Linked: (/home/ceazar/ros/workspaces/tutorial_ws/devel/.private/object_msgs/share/common-lisp/ros/object_msgs/msg/_package_Object.lisp, /home/ceazar/ros/workspaces/tutorial_ws/devel/share/common-lisp/ros/object_msgs/msg/_package_Object.lisp)
Linked: (/home/ceazar/ros/workspaces/tutorial_ws/devel/.private/object_msgs/share/common-lisp/ros/object_msgs/msg/Object.lisp, /home/ceazar/ros/workspaces/tutorial_ws/devel/share/common-lisp/ros/object_msgs/msg/Object.lisp)
Linked: (/home/ceazar/ros/workspaces/tutorial_ws/devel/.private/object_msgs/share/common-lisp/ros/object_msgs/msg/Objects.lisp, /home/ceazar/ros/workspaces/tutorial_ws/devel/share/common-lisp/ros/object_msgs/msg/Objects.lisp)
Linked: (/home/ceazar/ros/workspaces/tutorial_ws/devel/.private/object_msgs/share/common-lisp/ros/object_msgs/msg/_package.lisp, /home/ceazar/ros/workspaces/tutorial_ws/devel/share/common-lisp/ros/object_msgs/msg/_package.lisp)
Linked: (/home/ceazar/ros/workspaces/tutorial_ws/devel/.private/object_msgs/share/common-lisp/ros/object_msgs/srv/object_msgs-srv.asd, /home/ceazar/ros/workspaces/tutorial_ws/devel/share/common-lisp/ros/object_msgs/srv/object_msgs-srv.asd)
Linked: (/home/ceazar/ros/workspaces/tutorial_ws/devel/.private/object_msgs/share/common-lisp/ros/object_msgs/srv/_package_AddObjects.lisp, /home/ceazar/ros/workspaces/tutorial_ws/devel/share/common-lisp/ros/object_msgs/srv/_package_AddObjects.lisp)
Linked: (/home/ceazar/ros/workspaces/tutorial_ws/devel/.private/object_msgs/share/common-lisp/ros/object_msgs/srv/AddObjects.lisp, /home/ceazar/ros/workspaces/tutorial_ws/devel/share/common-lisp/ros/object_msgs/srv/AddObjects.lisp)
Linked: (/home/ceazar/ros/workspaces/tutorial_ws/devel/.private/object_msgs/share/common-lisp/ros/object_msgs/srv/_package.lisp, /home/ceazar/ros/workspaces/tutorial_ws/devel/share/common-lisp/ros/object_msgs/srv/_package.lisp)
Linked: (/home/ceazar/ros/workspaces/tutorial_ws/devel/.private/object_msgs/share/gennodejs/ros/object_msgs/_index.js, /home/ceazar/ros/workspaces/tutorial_ws/devel/share/gennodejs/ros/object_msgs/_index.js)
Linked: (/home/ceazar/ros/workspaces/tutorial_ws/devel/.private/object_msgs/share/gennodejs/ros/object_msgs/msg/_index.js, /home/ceazar/ros/workspaces/tutorial_ws/devel/share/gennodejs/ros/object_msgs/msg/_index.js)
Linked: (/home/ceazar/ros/workspaces/tutorial_ws/devel/.private/object_msgs/share/gennodejs/ros/object_msgs/msg/Object.js, /home/ceazar/ros/workspaces/tutorial_ws/devel/share/gennodejs/ros/object_msgs/msg/Object.js)
Linked: (/home/ceazar/ros/workspaces/tutorial_ws/devel/.private/object_msgs/share/gennodejs/ros/object_msgs/msg/Objects.js, /home/ceazar/ros/workspaces/tutorial_ws/devel/share/gennodejs/ros/object_msgs/msg/Objects.js)
Linked: (/home/ceazar/ros/workspaces/tutorial_ws/devel/.private/object_msgs/share/gennodejs/ros/object_msgs/srv/AddObjects.js, /home/ceazar/ros/workspaces/tutorial_ws/devel/share/gennodejs/ros/object_msgs/srv/AddObjects.js)
Linked: (/home/ceazar/ros/workspaces/tutorial_ws/devel/.private/object_msgs/share/gennodejs/ros/object_msgs/srv/_index.js, /home/ceazar/ros/workspaces/tutorial_ws/devel/share/gennodejs/ros/object_msgs/srv/_index.js)
Linked: (/home/ceazar/ros/workspaces/tutorial_ws/devel/.private/object_msgs/include/object_msgs/Objects.h, /home/ceazar/ros/workspaces/tutorial_ws/devel/include/object_msgs/Objects.h)
Linked: (/home/ceazar/ros/workspaces/tutorial_ws/devel/.private/object_msgs/include/object_msgs/Object.h, /home/ceazar/ros/workspaces/tutorial_ws/devel/include/object_msgs/Object.h)
Linked: (/home/ceazar/ros/workspaces/tutorial_ws/devel/.private/object_msgs/include/object_msgs/AddObjectsRequest.h, /home/ceazar/ros/workspaces/tutorial_ws/devel/include/object_msgs/AddObjectsRequest.h)
Linked: (/home/ceazar/ros/workspaces/tutorial_ws/devel/.private/object_msgs/include/object_msgs/AddObjectsResponse.h, /home/ceazar/ros/workspaces/tutorial_ws/devel/include/object_msgs/AddObjectsResponse.h)
Linked: (/home/ceazar/ros/workspaces/tutorial_ws/devel/.private/object_msgs/include/object_msgs/AddObjects.h, /home/ceazar/ros/workspaces/tutorial_ws/devel/include/object_msgs/AddObjects.h)
